package rt // l7e.io/yama/rt

type LifecycleBuilder struct {
}
	method Build() yama.Lifecycle
	method NextLevel() *LifecycleBuilder
	method WithCleanableComponent(c any, cleanup func()) *LifecycleBuilder
	method WithCleanup(cleanup func()) *LifecycleBuilder
	method WithComponents(components ...any) *LifecycleBuilder

func NewLifecycleBuilder(opts ...yama.Option) *LifecycleBuilder

